------------------------------------------------------------
TimeQuest Timing Analyzer Summary
------------------------------------------------------------

Type  : Slow Model Setup 'unew|altpll_component|pll|clk[2]'
Slack : -2.335
TNS   : -148.794

Type  : Slow Model Setup 'unew|altpll_component|pll|clk[0]'
Slack : -0.499
TNS   : -1.991

Type  : Slow Model Setup 'unew|altpll_component|pll|clk[1]'
Slack : 0.080
TNS   : 0.000

Type  : Slow Model Setup 'CLOCK_50'
Slack : 14.481
TNS   : 0.000

Type  : Slow Model Hold 'CLOCK_50'
Slack : 0.391
TNS   : 0.000

Type  : Slow Model Hold 'unew|altpll_component|pll|clk[0]'
Slack : 0.391
TNS   : 0.000

Type  : Slow Model Hold 'unew|altpll_component|pll|clk[1]'
Slack : 0.391
TNS   : 0.000

Type  : Slow Model Hold 'unew|altpll_component|pll|clk[2]'
Slack : 0.391
TNS   : 0.000

Type  : Slow Model Recovery 'unew|altpll_component|pll|clk[2]'
Slack : -4.110
TNS   : -776.491

Type  : Slow Model Recovery 'unew|altpll_component|pll|clk[1]'
Slack : 1.476
TNS   : 0.000

Type  : Slow Model Recovery 'CLOCK_50'
Slack : 15.123
TNS   : 0.000

Type  : Slow Model Removal 'unew|altpll_component|pll|clk[2]'
Slack : 1.426
TNS   : 0.000

Type  : Slow Model Removal 'unew|altpll_component|pll|clk[1]'
Slack : 1.727
TNS   : 0.000

Type  : Slow Model Removal 'CLOCK_50'
Slack : 1.885
TNS   : 0.000

Type  : Slow Model Minimum Pulse Width 'unew|altpll_component|pll|clk[1]'
Slack : 2.873
TNS   : 0.000

Type  : Slow Model Minimum Pulse Width 'unew|altpll_component|pll|clk[2]'
Slack : 3.175
TNS   : 0.000

Type  : Slow Model Minimum Pulse Width 'unew|altpll_component|pll|clk[0]'
Slack : 4.555
TNS   : 0.000

Type  : Slow Model Minimum Pulse Width 'CLOCK_50'
Slack : 9.000
TNS   : 0.000

Type  : Slow Model Minimum Pulse Width 'altera_reserved_tck'
Slack : 97.778
TNS   : 0.000

Type  : Fast Model Setup 'unew|altpll_component|pll|clk[2]'
Slack : -0.500
TNS   : -19.114

Type  : Fast Model Setup 'unew|altpll_component|pll|clk[0]'
Slack : -0.116
TNS   : -0.404

Type  : Fast Model Setup 'unew|altpll_component|pll|clk[1]'
Slack : 0.596
TNS   : 0.000

Type  : Fast Model Setup 'CLOCK_50'
Slack : 17.503
TNS   : 0.000

Type  : Fast Model Hold 'CLOCK_50'
Slack : 0.215
TNS   : 0.000

Type  : Fast Model Hold 'unew|altpll_component|pll|clk[0]'
Slack : 0.215
TNS   : 0.000

Type  : Fast Model Hold 'unew|altpll_component|pll|clk[1]'
Slack : 0.215
TNS   : 0.000

Type  : Fast Model Hold 'unew|altpll_component|pll|clk[2]'
Slack : 0.215
TNS   : 0.000

Type  : Fast Model Recovery 'unew|altpll_component|pll|clk[2]'
Slack : -2.184
TNS   : -282.397

Type  : Fast Model Recovery 'unew|altpll_component|pll|clk[1]'
Slack : 2.938
TNS   : 0.000

Type  : Fast Model Recovery 'CLOCK_50'
Slack : 17.699
TNS   : 0.000

Type  : Fast Model Removal 'unew|altpll_component|pll|clk[2]'
Slack : 0.744
TNS   : 0.000

Type  : Fast Model Removal 'unew|altpll_component|pll|clk[1]'
Slack : 0.972
TNS   : 0.000

Type  : Fast Model Removal 'CLOCK_50'
Slack : 1.055
TNS   : 0.000

Type  : Fast Model Minimum Pulse Width 'unew|altpll_component|pll|clk[1]'
Slack : 2.873
TNS   : 0.000

Type  : Fast Model Minimum Pulse Width 'unew|altpll_component|pll|clk[2]'
Slack : 3.175
TNS   : 0.000

Type  : Fast Model Minimum Pulse Width 'unew|altpll_component|pll|clk[0]'
Slack : 4.555
TNS   : 0.000

Type  : Fast Model Minimum Pulse Width 'CLOCK_50'
Slack : 9.000
TNS   : 0.000

Type  : Fast Model Minimum Pulse Width 'altera_reserved_tck'
Slack : 97.778
TNS   : 0.000

------------------------------------------------------------
