------------------------------------------------------------
TimeQuest Timing Analyzer Summary
------------------------------------------------------------

Type  : Slow Model Setup 'unew|altpll_component|pll|clk[1]'
Slack : 0.641
TNS   : 0.000

Type  : Slow Model Setup 'unew|altpll_component|pll|clk[2]'
Slack : 2.004
TNS   : 0.000

Type  : Slow Model Setup 'unew|altpll_component|pll|clk[0]'
Slack : 4.618
TNS   : 0.000

Type  : Slow Model Setup 'CLOCK_50'
Slack : 14.310
TNS   : 0.000

Type  : Slow Model Hold 'CLOCK_50'
Slack : 0.391
TNS   : 0.000

Type  : Slow Model Hold 'unew|altpll_component|pll|clk[0]'
Slack : 0.391
TNS   : 0.000

Type  : Slow Model Hold 'unew|altpll_component|pll|clk[1]'
Slack : 0.391
TNS   : 0.000

Type  : Slow Model Hold 'unew|altpll_component|pll|clk[2]'
Slack : 0.391
TNS   : 0.000

Type  : Slow Model Recovery 'unew|altpll_component|pll|clk[2]'
Slack : -0.004
TNS   : -0.014

Type  : Slow Model Recovery 'unew|altpll_component|pll|clk[1]'
Slack : 1.215
TNS   : 0.000

Type  : Slow Model Recovery 'CLOCK_50'
Slack : 15.114
TNS   : 0.000

Type  : Slow Model Removal 'CLOCK_50'
Slack : 1.313
TNS   : 0.000

Type  : Slow Model Removal 'unew|altpll_component|pll|clk[1]'
Slack : 1.987
TNS   : 0.000

Type  : Slow Model Removal 'unew|altpll_component|pll|clk[2]'
Slack : 3.595
TNS   : 0.000

Type  : Slow Model Minimum Pulse Width 'unew|altpll_component|pll|clk[2]'
Slack : 2.620
TNS   : 0.000

Type  : Slow Model Minimum Pulse Width 'unew|altpll_component|pll|clk[1]'
Slack : 2.873
TNS   : 0.000

Type  : Slow Model Minimum Pulse Width 'unew|altpll_component|pll|clk[0]'
Slack : 4.000
TNS   : 0.000

Type  : Slow Model Minimum Pulse Width 'CLOCK_50'
Slack : 9.000
TNS   : 0.000

Type  : Slow Model Minimum Pulse Width 'altera_reserved_tck'
Slack : 97.778
TNS   : 0.000

Type  : Fast Model Setup 'unew|altpll_component|pll|clk[1]'
Slack : 3.770
TNS   : 0.000

Type  : Fast Model Setup 'unew|altpll_component|pll|clk[2]'
Slack : 5.570
TNS   : 0.000

Type  : Fast Model Setup 'unew|altpll_component|pll|clk[0]'
Slack : 5.872
TNS   : 0.000

Type  : Fast Model Setup 'CLOCK_50'
Slack : 17.466
TNS   : 0.000

Type  : Fast Model Hold 'CLOCK_50'
Slack : 0.215
TNS   : 0.000

Type  : Fast Model Hold 'unew|altpll_component|pll|clk[0]'
Slack : 0.215
TNS   : 0.000

Type  : Fast Model Hold 'unew|altpll_component|pll|clk[1]'
Slack : 0.215
TNS   : 0.000

Type  : Fast Model Hold 'unew|altpll_component|pll|clk[2]'
Slack : 0.215
TNS   : 0.000

Type  : Fast Model Recovery 'unew|altpll_component|pll|clk[2]'
Slack : 1.804
TNS   : 0.000

Type  : Fast Model Recovery 'unew|altpll_component|pll|clk[1]'
Slack : 2.820
TNS   : 0.000

Type  : Fast Model Recovery 'CLOCK_50'
Slack : 17.541
TNS   : 0.000

Type  : Fast Model Removal 'CLOCK_50'
Slack : 0.839
TNS   : 0.000

Type  : Fast Model Removal 'unew|altpll_component|pll|clk[1]'
Slack : 1.096
TNS   : 0.000

Type  : Fast Model Removal 'unew|altpll_component|pll|clk[2]'
Slack : 2.019
TNS   : 0.000

Type  : Fast Model Minimum Pulse Width 'unew|altpll_component|pll|clk[2]'
Slack : 2.620
TNS   : 0.000

Type  : Fast Model Minimum Pulse Width 'unew|altpll_component|pll|clk[1]'
Slack : 2.873
TNS   : 0.000

Type  : Fast Model Minimum Pulse Width 'unew|altpll_component|pll|clk[0]'
Slack : 4.000
TNS   : 0.000

Type  : Fast Model Minimum Pulse Width 'CLOCK_50'
Slack : 9.000
TNS   : 0.000

Type  : Fast Model Minimum Pulse Width 'altera_reserved_tck'
Slack : 97.778
TNS   : 0.000

------------------------------------------------------------
