Archive member included because of file (symbol)

../niosControlNew_bsp/\libhal_bsp.a(alt_load.o)
                              ../niosControlNew_bsp//obj/HAL/src/crt0.o (alt_load)
../niosControlNew_bsp/\libhal_bsp.a(alt_main.o)
                              ../niosControlNew_bsp//obj/HAL/src/crt0.o (alt_main)
../niosControlNew_bsp/\libhal_bsp.a(alt_putstr.o)
                              obj/hello_world_small.o (alt_putstr)
../niosControlNew_bsp/\libhal_bsp.a(alt_sys_init.o)
                              ../niosControlNew_bsp/\libhal_bsp.a(alt_main.o) (alt_sys_init)
../niosControlNew_bsp/\libhal_bsp.a(altera_avalon_jtag_uart_write.o)
                              ../niosControlNew_bsp/\libhal_bsp.a(alt_putstr.o) (altera_avalon_jtag_uart_write)
../niosControlNew_bsp/\libhal_bsp.a(alt_close.o)
                              ../niosControlNew_bsp/\libhal_bsp.a(alt_main.o) (close)
../niosControlNew_bsp/\libhal_bsp.a(alt_dcache_flush_all.o)
                              ../niosControlNew_bsp/\libhal_bsp.a(alt_load.o) (alt_dcache_flush_all)
../niosControlNew_bsp/\libhal_bsp.a(alt_errno.o)
                              ../niosControlNew_bsp/\libhal_bsp.a(alt_close.o) (alt_errno)
../niosControlNew_bsp/\libhal_bsp.a(alt_icache_flush_all.o)
                              ../niosControlNew_bsp/\libhal_bsp.a(alt_load.o) (alt_icache_flush_all)
../niosControlNew_bsp/\libhal_bsp.a(altera_nios2_irq.o)
                              ../niosControlNew_bsp/\libhal_bsp.a(alt_sys_init.o) (altera_nios2_irq_init)
c:/altera/11.0sp1/nios2eds/bin/gnu/h-i686-mingw32/bin/../lib/gcc/nios2-elf/4.1.2/../../../../nios2-elf/lib/mno-hw-mul\libc.a(lib_a-exit.o)
                              ../niosControlNew_bsp/\libhal_bsp.a(alt_main.o) (exit)
c:/altera/11.0sp1/nios2eds/bin/gnu/h-i686-mingw32/bin/../lib/gcc/nios2-elf/4.1.2/../../../../nios2-elf/lib/mno-hw-mul\libc.a(lib_a-impure.o)
                              c:/altera/11.0sp1/nios2eds/bin/gnu/h-i686-mingw32/bin/../lib/gcc/nios2-elf/4.1.2/../../../../nios2-elf/lib/mno-hw-mul\libc.a(lib_a-exit.o) (_global_impure_ptr)
c:/altera/11.0sp1/nios2eds/bin/gnu/h-i686-mingw32/bin/../lib/gcc/nios2-elf/4.1.2/../../../../nios2-elf/lib/mno-hw-mul\libc.a(lib_a-int_errno.o)
                              ../niosControlNew_bsp/\libhal_bsp.a(alt_close.o) (errno)
c:/altera/11.0sp1/nios2eds/bin/gnu/h-i686-mingw32/bin/../lib/gcc/nios2-elf/4.1.2/../../../../nios2-elf/lib/mno-hw-mul\libc.a(lib_a-strlen.o)
                              ../niosControlNew_bsp/\libhal_bsp.a(alt_putstr.o) (strlen)
c:/altera/11.0sp1/nios2eds/bin/gnu/h-i686-mingw32/bin/../lib/gcc/nios2-elf/4.1.2/../../../../nios2-elf/lib/mno-hw-mul\libc.a(lib_a-__call_atexit.o)
                              c:/altera/11.0sp1/nios2eds/bin/gnu/h-i686-mingw32/bin/../lib/gcc/nios2-elf/4.1.2/../../../../nios2-elf/lib/mno-hw-mul\libc.a(lib_a-exit.o) (__call_exitprocs)
../niosControlNew_bsp/\libhal_bsp.a(alt_exit.o)
                              c:/altera/11.0sp1/nios2eds/bin/gnu/h-i686-mingw32/bin/../lib/gcc/nios2-elf/4.1.2/../../../../nios2-elf/lib/mno-hw-mul\libc.a(lib_a-exit.o) (_exit)

Allocating common symbols
Common symbol       size              file

errno               0x4               c:/altera/11.0sp1/nios2eds/bin/gnu/h-i686-mingw32/bin/../lib/gcc/nios2-elf/4.1.2/../../../../nios2-elf/lib/mno-hw-mul\libc.a(lib_a-int_errno.o)

Discarded input sections

 .gnu.warning.close
                0x00000000        0x0 ../niosControlNew_bsp/\libhal_bsp.a(alt_close.o)

Memory Configuration

Name             Origin             Length             Attributes
sdram_0          0x00800000         0x00800000
reset            0x01004000         0x00000020
onchip_memory2_0 0x01004020         0x00003fe0
*default*        0x00000000         0xffffffff

Linker script and memory map

LOAD ../niosControlNew_bsp//obj/HAL/src/crt0.o
LOAD obj/hello_world_small.o
LOAD c:/altera/11.0sp1/nios2eds/bin/gnu/h-i686-mingw32/bin/../lib/gcc/nios2-elf/4.1.2/../../../../nios2-elf/lib/mno-hw-mul\libstdc++.a
LOAD c:/altera/11.0sp1/nios2eds/bin/gnu/h-i686-mingw32/bin/../lib/gcc/nios2-elf/4.1.2/../../../../nios2-elf/lib/mno-hw-mul\libm.a
LOAD c:/altera/11.0sp1/nios2eds/bin/gnu/h-i686-mingw32/bin/../lib/gcc/nios2-elf/4.1.2/mno-hw-mul\libgcc.a
START GROUP
LOAD c:/altera/11.0sp1/nios2eds/bin/gnu/h-i686-mingw32/bin/../lib/gcc/nios2-elf/4.1.2/../../../../nios2-elf/lib/mno-hw-mul\libc.a
LOAD c:/altera/11.0sp1/nios2eds/bin/gnu/h-i686-mingw32/bin/../lib/gcc/nios2-elf/4.1.2/mno-hw-mul\libgcc.a
LOAD ../niosControlNew_bsp/\libhal_bsp.a
END GROUP
LOAD c:/altera/11.0sp1/nios2eds/bin/gnu/h-i686-mingw32/bin/../lib/gcc/nios2-elf/4.1.2/mno-hw-mul\libgcc.a
                0x00800000                __alt_mem_sdram_0 = 0x800000
                0x01004000                __alt_mem_onchip_memory2_0 = 0x1004000

.entry          0x01004000       0x20
 *(.entry)
 .entry         0x01004000       0x20 ../niosControlNew_bsp//obj/HAL/src/crt0.o
                0x01004000                __reset

.exceptions     0x01004020        0x0 load address 0x00800000
                0x01004020                PROVIDE (__ram_exceptions_start, ABSOLUTE (.))
                0x01004020                . = ALIGN (0x20)
 *(.irq)
 *(.exceptions.entry.label)
 *(.exceptions.entry.user)
 *(.exceptions.entry)
 *(.exceptions.irqtest.user)
 *(.exceptions.irqtest)
 *(.exceptions.irqhandler.user)
 *(.exceptions.irqhandler)
 *(.exceptions.irqreturn.user)
 *(.exceptions.irqreturn)
 *(.exceptions.notirq.label)
 *(.exceptions.notirq.user)
 *(.exceptions.notirq)
 *(.exceptions.soft.user)
 *(.exceptions.soft)
 *(.exceptions.unknown.user)
 *(.exceptions.unknown)
 *(.exceptions.exit.label)
 *(.exceptions.exit.user)
 *(.exceptions.exit)
 *(.exceptions)
                0x01004020                PROVIDE (__ram_exceptions_end, ABSOLUTE (.))
                0x00800000                PROVIDE (__flash_exceptions_start, LOADADDR (.exceptions))

.text           0x00800000      0x474
                0x00800000                PROVIDE (stext, ABSOLUTE (.))
 *(.interp)
 *(.hash)
 *(.dynsym)
 *(.dynstr)
 *(.gnu.version)
 *(.gnu.version_d)
 *(.gnu.version_r)
 *(.rel.init)
 *(.rela.init)
 *(.rel.text .rel.text.* .rel.gnu.linkonce.t.*)
 *(.rela.text .rela.text.* .rela.gnu.linkonce.t.*)
 *(.rel.fini)
 *(.rela.fini)
 *(.rel.rodata .rel.rodata.* .rel.gnu.linkonce.r.*)
 *(.rela.rodata .rela.rodata.* .rela.gnu.linkonce.r.*)
 *(.rel.data .rel.data.* .rel.gnu.linkonce.d.*)
 *(.rela.data .rela.data.* .rela.gnu.linkonce.d.*)
 *(.rel.tdata .rel.tdata.* .rel.gnu.linkonce.td.*)
 *(.rela.tdata .rela.tdata.* .rela.gnu.linkonce.td.*)
 *(.rel.tbss .rel.tbss.* .rel.gnu.linkonce.tb.*)
 *(.rela.tbss .rela.tbss.* .rela.gnu.linkonce.tb.*)
 *(.rel.ctors)
 *(.rela.ctors)
 *(.rel.dtors)
 *(.rela.dtors)
 *(.rel.got)
 *(.rela.got)
 *(.rel.sdata .rel.sdata.* .rel.gnu.linkonce.s.*)
 *(.rela.sdata .rela.sdata.* .rela.gnu.linkonce.s.*)
 *(.rel.sbss .rel.sbss.* .rel.gnu.linkonce.sb.*)
 *(.rela.sbss .rela.sbss.* .rela.gnu.linkonce.sb.*)
 *(.rel.sdata2 .rel.sdata2.* .rel.gnu.linkonce.s2.*)
 *(.rela.sdata2 .rela.sdata2.* .rela.gnu.linkonce.s2.*)
 *(.rel.sbss2 .rel.sbss2.* .rel.gnu.linkonce.sb2.*)
 *(.rela.sbss2 .rela.sbss2.* .rela.gnu.linkonce.sb2.*)
 *(.rel.bss .rel.bss.* .rel.gnu.linkonce.b.*)
 *(.rela.bss .rela.bss.* .rela.gnu.linkonce.b.*)
 *(.rel.plt)
 *(.rela.plt)
 *(.rel.dyn)
 *(.init)
 *(.plt)
 *(.text .stub .text.* .gnu.linkonce.t.*)
 .text          0x00800000       0x3c ../niosControlNew_bsp//obj/HAL/src/crt0.o
                0x00800000                _start
 .text          0x0080003c       0x18 obj/hello_world_small.o
                0x0080003c                main
 .text          0x00800054       0x8c ../niosControlNew_bsp/\libhal_bsp.a(alt_load.o)
                0x00800074                alt_load
 .text          0x008000e0       0x3c ../niosControlNew_bsp/\libhal_bsp.a(alt_main.o)
                0x008000e0                alt_main
 .text          0x0080011c       0x38 ../niosControlNew_bsp/\libhal_bsp.a(alt_putstr.o)
                0x0080011c                alt_putstr
 .text          0x00800154       0x24 ../niosControlNew_bsp/\libhal_bsp.a(alt_sys_init.o)
                0x00800154                alt_sys_init
                0x00800158                alt_irq_init
 .text          0x00800178       0x34 ../niosControlNew_bsp/\libhal_bsp.a(altera_avalon_jtag_uart_write.o)
                0x00800178                altera_avalon_jtag_uart_write
 .text          0x008001ac       0x40 ../niosControlNew_bsp/\libhal_bsp.a(alt_close.o)
                0x008001ac                close
 .text          0x008001ec        0x4 ../niosControlNew_bsp/\libhal_bsp.a(alt_dcache_flush_all.o)
                0x008001ec                alt_dcache_flush_all
 .text          0x008001f0        0x0 ../niosControlNew_bsp/\libhal_bsp.a(alt_errno.o)
 .text          0x008001f0        0x4 ../niosControlNew_bsp/\libhal_bsp.a(alt_icache_flush_all.o)
                0x008001f0                alt_icache_flush_all
 .text          0x008001f4        0x8 ../niosControlNew_bsp/\libhal_bsp.a(altera_nios2_irq.o)
                0x008001f4                altera_nios2_irq_init
 .text          0x008001fc       0x38 c:/altera/11.0sp1/nios2eds/bin/gnu/h-i686-mingw32/bin/../lib/gcc/nios2-elf/4.1.2/../../../../nios2-elf/lib/mno-hw-mul\libc.a(lib_a-exit.o)
                0x008001fc                exit
 .text          0x00800234        0x0 c:/altera/11.0sp1/nios2eds/bin/gnu/h-i686-mingw32/bin/../lib/gcc/nios2-elf/4.1.2/../../../../nios2-elf/lib/mno-hw-mul\libc.a(lib_a-impure.o)
 .text          0x00800234        0x0 c:/altera/11.0sp1/nios2eds/bin/gnu/h-i686-mingw32/bin/../lib/gcc/nios2-elf/4.1.2/../../../../nios2-elf/lib/mno-hw-mul\libc.a(lib_a-int_errno.o)
 .text          0x00800234       0x74 c:/altera/11.0sp1/nios2eds/bin/gnu/h-i686-mingw32/bin/../lib/gcc/nios2-elf/4.1.2/../../../../nios2-elf/lib/mno-hw-mul\libc.a(lib_a-strlen.o)
                0x00800234                strlen
 .text          0x008002a8      0x1b4 c:/altera/11.0sp1/nios2eds/bin/gnu/h-i686-mingw32/bin/../lib/gcc/nios2-elf/4.1.2/../../../../nios2-elf/lib/mno-hw-mul\libc.a(lib_a-__call_atexit.o)
                0x008002ac                __call_exitprocs
 .text          0x0080045c       0x14 ../niosControlNew_bsp/\libhal_bsp.a(alt_exit.o)
                0x0080045c                _exit
 *(.gnu.warning.*)
 *(.fini)
                0x00800470                PROVIDE (__etext, ABSOLUTE (.))
                0x00800470                PROVIDE (_etext, ABSOLUTE (.))
                0x00800470                PROVIDE (etext, ABSOLUTE (.))
 *(.eh_frame_hdr)
                0x00800470                . = ALIGN (0x4)
                0x00800470                PROVIDE (__preinit_array_start, ABSOLUTE (.))
 *(.preinit_array)
                0x00800470                PROVIDE (__preinit_array_end, ABSOLUTE (.))
                0x00800470                PROVIDE (__init_array_start, ABSOLUTE (.))
 *(.init_array)
                0x00800470                PROVIDE (__init_array_end, ABSOLUTE (.))
                0x00800470                PROVIDE (__fini_array_start, ABSOLUTE (.))
 *(.fini_array)
                0x00800470                PROVIDE (__fini_array_end, ABSOLUTE (.))
 *(.eh_frame)
 *(.gcc_except_table)
 *(.dynamic)
                0x00800470                PROVIDE (__CTOR_LIST__, ABSOLUTE (.))
 *(.ctors)
 *(SORT(.ctors.*))
 .ctors.65535   0x00800470        0x4 c:/altera/11.0sp1/nios2eds/bin/gnu/h-i686-mingw32/bin/../lib/gcc/nios2-elf/4.1.2/../../../../nios2-elf/lib/mno-hw-mul\libc.a(lib_a-__call_atexit.o)
                0x00800474                PROVIDE (__CTOR_END__, ABSOLUTE (.))
                0x00800474                PROVIDE (__DTOR_LIST__, ABSOLUTE (.))
 *(.dtors)
 *(SORT(.dtors.*))
                0x00800474                PROVIDE (__DTOR_END__, ABSOLUTE (.))
 *(.jcr)
                0x00800474                . = ALIGN (0x4)

.rodata         0x00800474       0x1c
                0x00800474                PROVIDE (__ram_rodata_start, ABSOLUTE (.))
                0x00800474                . = ALIGN (0x4)
 *(.rodata .rodata.* .gnu.linkonce.r.*)
 .rodata.str1.4
                0x00800474       0x15 obj/hello_world_small.o
                                 0x18 (size before relaxing)
 *fill*         0x00800489        0x3 00
 .rodata.str1.4
                0x0080048c        0x4 c:/altera/11.0sp1/nios2eds/bin/gnu/h-i686-mingw32/bin/../lib/gcc/nios2-elf/4.1.2/../../../../nios2-elf/lib/mno-hw-mul\libc.a(lib_a-impure.o)
 *(.rodata1)
                0x00800490                . = ALIGN (0x4)
                0x00800490                PROVIDE (__ram_rodata_end, ABSOLUTE (.))
                0x00800474                PROVIDE (__flash_rodata_start, LOADADDR (.rodata))

.rwdata         0x00800490      0x410 load address 0x008008a0
                0x00800490                PROVIDE (__ram_rwdata_start, ABSOLUTE (.))
                0x00800490                . = ALIGN (0x4)
 *(.got.plt)
 *(.got)
 *(.data1)
 *(.data .data.* .gnu.linkonce.d.*)
 .data          0x00800490        0x0 ../niosControlNew_bsp//obj/HAL/src/crt0.o
 .data          0x00800490        0x0 obj/hello_world_small.o
 .data          0x00800490        0x0 ../niosControlNew_bsp/\libhal_bsp.a(alt_load.o)
 .data          0x00800490        0x0 ../niosControlNew_bsp/\libhal_bsp.a(alt_main.o)
 .data          0x00800490        0x0 ../niosControlNew_bsp/\libhal_bsp.a(alt_putstr.o)
 .data          0x00800490        0x0 ../niosControlNew_bsp/\libhal_bsp.a(alt_sys_init.o)
 .data          0x00800490        0x0 ../niosControlNew_bsp/\libhal_bsp.a(altera_avalon_jtag_uart_write.o)
 .data          0x00800490        0x0 ../niosControlNew_bsp/\libhal_bsp.a(alt_close.o)
 .data          0x00800490        0x0 ../niosControlNew_bsp/\libhal_bsp.a(alt_dcache_flush_all.o)
 .data          0x00800490        0x0 ../niosControlNew_bsp/\libhal_bsp.a(alt_errno.o)
 .data          0x00800490        0x0 ../niosControlNew_bsp/\libhal_bsp.a(alt_icache_flush_all.o)
 .data          0x00800490        0x0 ../niosControlNew_bsp/\libhal_bsp.a(altera_nios2_irq.o)
 .data          0x00800490        0x0 c:/altera/11.0sp1/nios2eds/bin/gnu/h-i686-mingw32/bin/../lib/gcc/nios2-elf/4.1.2/../../../../nios2-elf/lib/mno-hw-mul\libc.a(lib_a-exit.o)
 .data          0x00800490      0x400 c:/altera/11.0sp1/nios2eds/bin/gnu/h-i686-mingw32/bin/../lib/gcc/nios2-elf/4.1.2/../../../../nios2-elf/lib/mno-hw-mul\libc.a(lib_a-impure.o)
 .data          0x00800890        0x0 c:/altera/11.0sp1/nios2eds/bin/gnu/h-i686-mingw32/bin/../lib/gcc/nios2-elf/4.1.2/../../../../nios2-elf/lib/mno-hw-mul\libc.a(lib_a-int_errno.o)
 .data          0x00800890        0x0 c:/altera/11.0sp1/nios2eds/bin/gnu/h-i686-mingw32/bin/../lib/gcc/nios2-elf/4.1.2/../../../../nios2-elf/lib/mno-hw-mul\libc.a(lib_a-strlen.o)
 .data          0x00800890        0x0 c:/altera/11.0sp1/nios2eds/bin/gnu/h-i686-mingw32/bin/../lib/gcc/nios2-elf/4.1.2/../../../../nios2-elf/lib/mno-hw-mul\libc.a(lib_a-__call_atexit.o)
 .data          0x00800890        0x0 ../niosControlNew_bsp/\libhal_bsp.a(alt_exit.o)
                0x00808890                _gp = ABSOLUTE ((. + 0x8000))
                0x00808890                PROVIDE (gp, _gp)
 *(.rwdata .rwdata.*)
 *(.sdata .sdata.* .gnu.linkonce.s.*)
 .sdata         0x00800890        0x4 ../niosControlNew_bsp/\libhal_bsp.a(alt_sys_init.o)
                0x00800890                jtag_uart_0
 .sdata         0x00800894        0x4 ../niosControlNew_bsp/\libhal_bsp.a(alt_errno.o)
                0x00800894                alt_errno
 .sdata         0x00800898        0x8 c:/altera/11.0sp1/nios2eds/bin/gnu/h-i686-mingw32/bin/../lib/gcc/nios2-elf/4.1.2/../../../../nios2-elf/lib/mno-hw-mul\libc.a(lib_a-impure.o)
                0x00800898                _impure_ptr
                0x0080089c                _global_impure_ptr
 *(.sdata2 .sdata2.* .gnu.linkonce.s2.*)
                0x008008a0                . = ALIGN (0x4)
                0x008008a0                _edata = ABSOLUTE (.)
                0x008008a0                PROVIDE (edata, ABSOLUTE (.))
                0x008008a0                PROVIDE (__ram_rwdata_end, ABSOLUTE (.))
                0x008008a0                PROVIDE (__flash_rwdata_start, LOADADDR (.rwdata))

.bss            0x00800cb0       0x10
                0x00800cb0                __bss_start = ABSOLUTE (.)
                0x00800cb0                PROVIDE (__sbss_start, ABSOLUTE (.))
                0x00800cb0                PROVIDE (___sbss_start, ABSOLUTE (.))
 *(.dynsbss)
 *(.sbss .sbss.* .gnu.linkonce.sb.*)
 .sbss          0x00800cb0        0xc ../niosControlNew_bsp/\libhal_bsp.a(alt_main.o)
                0x00800cb0                alt_argc
                0x00800cb4                alt_argv
                0x00800cb8                alt_envp
 .sbss          0x00800cbc        0x4 c:/altera/11.0sp1/nios2eds/bin/gnu/h-i686-mingw32/bin/../lib/gcc/nios2-elf/4.1.2/../../../../nios2-elf/lib/mno-hw-mul\libc.a(lib_a-int_errno.o)
                0x00800cbc                errno
 *(.sbss2 .sbss2.* .gnu.linkonce.sb2.*)
 *(.scommon)
                0x00800cc0                PROVIDE (__sbss_end, ABSOLUTE (.))
                0x00800cc0                PROVIDE (___sbss_end, ABSOLUTE (.))
 *(.dynbss)
 *(.bss .bss.* .gnu.linkonce.b.*)
 .bss           0x00800cc0        0x0 ../niosControlNew_bsp//obj/HAL/src/crt0.o
 .bss           0x00800cc0        0x0 obj/hello_world_small.o
 .bss           0x00800cc0        0x0 ../niosControlNew_bsp/\libhal_bsp.a(alt_load.o)
 .bss           0x00800cc0        0x0 ../niosControlNew_bsp/\libhal_bsp.a(alt_main.o)
 .bss           0x00800cc0        0x0 ../niosControlNew_bsp/\libhal_bsp.a(alt_putstr.o)
 .bss           0x00800cc0        0x0 ../niosControlNew_bsp/\libhal_bsp.a(alt_sys_init.o)
 .bss           0x00800cc0        0x0 ../niosControlNew_bsp/\libhal_bsp.a(altera_avalon_jtag_uart_write.o)
 .bss           0x00800cc0        0x0 ../niosControlNew_bsp/\libhal_bsp.a(alt_close.o)
 .bss           0x00800cc0        0x0 ../niosControlNew_bsp/\libhal_bsp.a(alt_dcache_flush_all.o)
 .bss           0x00800cc0        0x0 ../niosControlNew_bsp/\libhal_bsp.a(alt_errno.o)
 .bss           0x00800cc0        0x0 ../niosControlNew_bsp/\libhal_bsp.a(alt_icache_flush_all.o)
 .bss           0x00800cc0        0x0 ../niosControlNew_bsp/\libhal_bsp.a(altera_nios2_irq.o)
 .bss           0x00800cc0        0x0 c:/altera/11.0sp1/nios2eds/bin/gnu/h-i686-mingw32/bin/../lib/gcc/nios2-elf/4.1.2/../../../../nios2-elf/lib/mno-hw-mul\libc.a(lib_a-exit.o)
 .bss           0x00800cc0        0x0 c:/altera/11.0sp1/nios2eds/bin/gnu/h-i686-mingw32/bin/../lib/gcc/nios2-elf/4.1.2/../../../../nios2-elf/lib/mno-hw-mul\libc.a(lib_a-impure.o)
 .bss           0x00800cc0        0x0 c:/altera/11.0sp1/nios2eds/bin/gnu/h-i686-mingw32/bin/../lib/gcc/nios2-elf/4.1.2/../../../../nios2-elf/lib/mno-hw-mul\libc.a(lib_a-int_errno.o)
 .bss           0x00800cc0        0x0 c:/altera/11.0sp1/nios2eds/bin/gnu/h-i686-mingw32/bin/../lib/gcc/nios2-elf/4.1.2/../../../../nios2-elf/lib/mno-hw-mul\libc.a(lib_a-strlen.o)
 .bss           0x00800cc0        0x0 c:/altera/11.0sp1/nios2eds/bin/gnu/h-i686-mingw32/bin/../lib/gcc/nios2-elf/4.1.2/../../../../nios2-elf/lib/mno-hw-mul\libc.a(lib_a-__call_atexit.o)
 .bss           0x00800cc0        0x0 ../niosControlNew_bsp/\libhal_bsp.a(alt_exit.o)
 *(COMMON)
                0x00800cc0                . = ALIGN (0x4)
                0x00800cc0                __bss_end = ABSOLUTE (.)

.sdram_0        0x00800cc0        0x0
                0x00800cc0                PROVIDE (_alt_partition_sdram_0_start, ABSOLUTE (.))
 *(.sdram_0. sdram_0.*)
                0x00800cc0                . = ALIGN (0x4)
                0x00800cc0                PROVIDE (_alt_partition_sdram_0_end, ABSOLUTE (.))
                0x00800cc0                _end = ABSOLUTE (.)
                0x00800cc0                end = ABSOLUTE (.)
                0x00800cc0                __alt_stack_base = ABSOLUTE (.)
                0x00800cc0                PROVIDE (_alt_partition_sdram_0_load_addr, LOADADDR (.sdram_0))

.onchip_memory2_0
                0x01004020        0x0 load address 0x00800cc0
                0x01004020                PROVIDE (_alt_partition_onchip_memory2_0_start, ABSOLUTE (.))
 *(.onchip_memory2_0. onchip_memory2_0.*)
                0x01004020                . = ALIGN (0x4)
                0x01004020                PROVIDE (_alt_partition_onchip_memory2_0_end, ABSOLUTE (.))
                0x00800cc0                PROVIDE (_alt_partition_onchip_memory2_0_load_addr, LOADADDR (.onchip_memory2_0))

.stab
 *(.stab)

.stabstr
 *(.stabstr)

.stab.excl
 *(.stab.excl)

.stab.exclstr
 *(.stab.exclstr)

.stab.index
 *(.stab.index)

.stab.indexstr
 *(.stab.indexstr)

.comment        0x00000000       0x26
 *(.comment)
 .comment       0x00000000       0x26 obj/hello_world_small.o
                                 0x27 (size before relaxing)
 .comment       0x00000000       0x27 ../niosControlNew_bsp/\libhal_bsp.a(alt_load.o)
 .comment       0x00000000       0x27 ../niosControlNew_bsp/\libhal_bsp.a(alt_main.o)
 .comment       0x00000000       0x27 ../niosControlNew_bsp/\libhal_bsp.a(alt_putstr.o)
 .comment       0x00000000       0x27 ../niosControlNew_bsp/\libhal_bsp.a(alt_sys_init.o)
 .comment       0x00000000       0x27 ../niosControlNew_bsp/\libhal_bsp.a(altera_avalon_jtag_uart_write.o)
 .comment       0x00000000       0x27 ../niosControlNew_bsp/\libhal_bsp.a(alt_close.o)
 .comment       0x00000000       0x27 ../niosControlNew_bsp/\libhal_bsp.a(alt_dcache_flush_all.o)
 .comment       0x00000000       0x27 ../niosControlNew_bsp/\libhal_bsp.a(alt_errno.o)
 .comment       0x00000000       0x27 ../niosControlNew_bsp/\libhal_bsp.a(alt_icache_flush_all.o)
 .comment       0x00000000       0x27 ../niosControlNew_bsp/\libhal_bsp.a(altera_nios2_irq.o)
 .comment       0x00000000       0x27 c:/altera/11.0sp1/nios2eds/bin/gnu/h-i686-mingw32/bin/../lib/gcc/nios2-elf/4.1.2/../../../../nios2-elf/lib/mno-hw-mul\libc.a(lib_a-exit.o)
 .comment       0x00000000       0x27 c:/altera/11.0sp1/nios2eds/bin/gnu/h-i686-mingw32/bin/../lib/gcc/nios2-elf/4.1.2/../../../../nios2-elf/lib/mno-hw-mul\libc.a(lib_a-impure.o)
 .comment       0x00000000       0x27 c:/altera/11.0sp1/nios2eds/bin/gnu/h-i686-mingw32/bin/../lib/gcc/nios2-elf/4.1.2/../../../../nios2-elf/lib/mno-hw-mul\libc.a(lib_a-int_errno.o)
 .comment       0x00000000       0x27 c:/altera/11.0sp1/nios2eds/bin/gnu/h-i686-mingw32/bin/../lib/gcc/nios2-elf/4.1.2/../../../../nios2-elf/lib/mno-hw-mul\libc.a(lib_a-strlen.o)
 .comment       0x00000000       0x27 c:/altera/11.0sp1/nios2eds/bin/gnu/h-i686-mingw32/bin/../lib/gcc/nios2-elf/4.1.2/../../../../nios2-elf/lib/mno-hw-mul\libc.a(lib_a-__call_atexit.o)
 .comment       0x00000000       0x27 ../niosControlNew_bsp/\libhal_bsp.a(alt_exit.o)

.debug
 *(.debug)

.line
 *(.line)

.debug_srcinfo
 *(.debug_srcinfo)

.debug_sfnames
 *(.debug_sfnames)

.debug_aranges  0x00000000      0x1e8
 *(.debug_aranges)
 .debug_aranges
                0x00000000       0x28 ../niosControlNew_bsp//obj/HAL/src/crt0.o
 .debug_aranges
                0x00000028       0x20 obj/hello_world_small.o
 .debug_aranges
                0x00000048       0x20 ../niosControlNew_bsp/\libhal_bsp.a(alt_load.o)
 .debug_aranges
                0x00000068       0x20 ../niosControlNew_bsp/\libhal_bsp.a(alt_main.o)
 .debug_aranges
                0x00000088       0x20 ../niosControlNew_bsp/\libhal_bsp.a(alt_putstr.o)
 .debug_aranges
                0x000000a8       0x20 ../niosControlNew_bsp/\libhal_bsp.a(alt_sys_init.o)
 .debug_aranges
                0x000000c8       0x20 ../niosControlNew_bsp/\libhal_bsp.a(altera_avalon_jtag_uart_write.o)
 .debug_aranges
                0x000000e8       0x20 ../niosControlNew_bsp/\libhal_bsp.a(alt_close.o)
 .debug_aranges
                0x00000108       0x20 ../niosControlNew_bsp/\libhal_bsp.a(alt_dcache_flush_all.o)
 .debug_aranges
                0x00000128       0x20 ../niosControlNew_bsp/\libhal_bsp.a(alt_icache_flush_all.o)
 .debug_aranges
                0x00000148       0x20 ../niosControlNew_bsp/\libhal_bsp.a(altera_nios2_irq.o)
 .debug_aranges
                0x00000168       0x20 c:/altera/11.0sp1/nios2eds/bin/gnu/h-i686-mingw32/bin/../lib/gcc/nios2-elf/4.1.2/../../../../nios2-elf/lib/mno-hw-mul\libc.a(lib_a-exit.o)
 .debug_aranges
                0x00000188       0x20 c:/altera/11.0sp1/nios2eds/bin/gnu/h-i686-mingw32/bin/../lib/gcc/nios2-elf/4.1.2/../../../../nios2-elf/lib/mno-hw-mul\libc.a(lib_a-strlen.o)
 .debug_aranges
                0x000001a8       0x20 c:/altera/11.0sp1/nios2eds/bin/gnu/h-i686-mingw32/bin/../lib/gcc/nios2-elf/4.1.2/../../../../nios2-elf/lib/mno-hw-mul\libc.a(lib_a-__call_atexit.o)
 .debug_aranges
                0x000001c8       0x20 ../niosControlNew_bsp/\libhal_bsp.a(alt_exit.o)

.debug_pubnames
                0x00000000      0x2a7
 *(.debug_pubnames)
 .debug_pubnames
                0x00000000       0x1b obj/hello_world_small.o
 .debug_pubnames
                0x0000001b       0x1f ../niosControlNew_bsp/\libhal_bsp.a(alt_load.o)
 .debug_pubnames
                0x0000003a       0x46 ../niosControlNew_bsp/\libhal_bsp.a(alt_main.o)
 .debug_pubnames
                0x00000080       0x21 ../niosControlNew_bsp/\libhal_bsp.a(alt_putstr.o)
 .debug_pubnames
                0x000000a1       0x44 ../niosControlNew_bsp/\libhal_bsp.a(alt_sys_init.o)
 .debug_pubnames
                0x000000e5       0x34 ../niosControlNew_bsp/\libhal_bsp.a(altera_avalon_jtag_uart_write.o)
 .debug_pubnames
                0x00000119       0x1c ../niosControlNew_bsp/\libhal_bsp.a(alt_close.o)
 .debug_pubnames
                0x00000135       0x2b ../niosControlNew_bsp/\libhal_bsp.a(alt_dcache_flush_all.o)
 .debug_pubnames
                0x00000160       0x20 ../niosControlNew_bsp/\libhal_bsp.a(alt_errno.o)
 .debug_pubnames
                0x00000180       0x2b ../niosControlNew_bsp/\libhal_bsp.a(alt_icache_flush_all.o)
 .debug_pubnames
                0x000001ab       0x2c ../niosControlNew_bsp/\libhal_bsp.a(altera_nios2_irq.o)
 .debug_pubnames
                0x000001d7       0x1b c:/altera/11.0sp1/nios2eds/bin/gnu/h-i686-mingw32/bin/../lib/gcc/nios2-elf/4.1.2/../../../../nios2-elf/lib/mno-hw-mul\libc.a(lib_a-exit.o)
 .debug_pubnames
                0x000001f2       0x39 c:/altera/11.0sp1/nios2eds/bin/gnu/h-i686-mingw32/bin/../lib/gcc/nios2-elf/4.1.2/../../../../nios2-elf/lib/mno-hw-mul\libc.a(lib_a-impure.o)
 .debug_pubnames
                0x0000022b       0x1c c:/altera/11.0sp1/nios2eds/bin/gnu/h-i686-mingw32/bin/../lib/gcc/nios2-elf/4.1.2/../../../../nios2-elf/lib/mno-hw-mul\libc.a(lib_a-int_errno.o)
 .debug_pubnames
                0x00000247       0x1d c:/altera/11.0sp1/nios2eds/bin/gnu/h-i686-mingw32/bin/../lib/gcc/nios2-elf/4.1.2/../../../../nios2-elf/lib/mno-hw-mul\libc.a(lib_a-strlen.o)
 .debug_pubnames
                0x00000264       0x27 c:/altera/11.0sp1/nios2eds/bin/gnu/h-i686-mingw32/bin/../lib/gcc/nios2-elf/4.1.2/../../../../nios2-elf/lib/mno-hw-mul\libc.a(lib_a-__call_atexit.o)
 .debug_pubnames
                0x0000028b       0x1c ../niosControlNew_bsp/\libhal_bsp.a(alt_exit.o)

.debug_info     0x00000000     0x2948
 *(.debug_info .gnu.linkonce.wi.*)
 .debug_info    0x00000000       0x82 ../niosControlNew_bsp//obj/HAL/src/crt0.o
 .debug_info    0x00000082       0x45 obj/hello_world_small.o
 .debug_info    0x000000c7      0x12e ../niosControlNew_bsp/\libhal_bsp.a(alt_load.o)
 .debug_info    0x000001f5      0x137 ../niosControlNew_bsp/\libhal_bsp.a(alt_main.o)
 .debug_info    0x0000032c       0xc5 ../niosControlNew_bsp/\libhal_bsp.a(alt_putstr.o)
 .debug_info    0x000003f1      0x199 ../niosControlNew_bsp/\libhal_bsp.a(alt_sys_init.o)
 .debug_info    0x0000058a      0x18f ../niosControlNew_bsp/\libhal_bsp.a(altera_avalon_jtag_uart_write.o)
 .debug_info    0x00000719      0x136 ../niosControlNew_bsp/\libhal_bsp.a(alt_close.o)
 .debug_info    0x0000084f       0x8d ../niosControlNew_bsp/\libhal_bsp.a(alt_dcache_flush_all.o)
 .debug_info    0x000008dc       0xab ../niosControlNew_bsp/\libhal_bsp.a(alt_errno.o)
 .debug_info    0x00000987       0x8d ../niosControlNew_bsp/\libhal_bsp.a(alt_icache_flush_all.o)
 .debug_info    0x00000a14       0x8d ../niosControlNew_bsp/\libhal_bsp.a(altera_nios2_irq.o)
 .debug_info    0x00000aa1      0x93f c:/altera/11.0sp1/nios2eds/bin/gnu/h-i686-mingw32/bin/../lib/gcc/nios2-elf/4.1.2/../../../../nios2-elf/lib/mno-hw-mul\libc.a(lib_a-exit.o)
 .debug_info    0x000013e0      0x93d c:/altera/11.0sp1/nios2eds/bin/gnu/h-i686-mingw32/bin/../lib/gcc/nios2-elf/4.1.2/../../../../nios2-elf/lib/mno-hw-mul\libc.a(lib_a-impure.o)
 .debug_info    0x00001d1d       0x8c c:/altera/11.0sp1/nios2eds/bin/gnu/h-i686-mingw32/bin/../lib/gcc/nios2-elf/4.1.2/../../../../nios2-elf/lib/mno-hw-mul\libc.a(lib_a-int_errno.o)
 .debug_info    0x00001da9       0xdb c:/altera/11.0sp1/nios2eds/bin/gnu/h-i686-mingw32/bin/../lib/gcc/nios2-elf/4.1.2/../../../../nios2-elf/lib/mno-hw-mul\libc.a(lib_a-strlen.o)
 .debug_info    0x00001e84      0x9e2 c:/altera/11.0sp1/nios2eds/bin/gnu/h-i686-mingw32/bin/../lib/gcc/nios2-elf/4.1.2/../../../../nios2-elf/lib/mno-hw-mul\libc.a(lib_a-__call_atexit.o)
 .debug_info    0x00002866       0xe2 ../niosControlNew_bsp/\libhal_bsp.a(alt_exit.o)

.debug_abbrev   0x00000000      0xbcd
 *(.debug_abbrev)
 .debug_abbrev  0x00000000       0x12 ../niosControlNew_bsp//obj/HAL/src/crt0.o
 .debug_abbrev  0x00000012       0x34 obj/hello_world_small.o
 .debug_abbrev  0x00000046       0x97 ../niosControlNew_bsp/\libhal_bsp.a(alt_load.o)
 .debug_abbrev  0x000000dd       0xb7 ../niosControlNew_bsp/\libhal_bsp.a(alt_main.o)
 .debug_abbrev  0x00000194       0x7c ../niosControlNew_bsp/\libhal_bsp.a(alt_putstr.o)
 .debug_abbrev  0x00000210       0xea ../niosControlNew_bsp/\libhal_bsp.a(alt_sys_init.o)
 .debug_abbrev  0x000002fa       0xf0 ../niosControlNew_bsp/\libhal_bsp.a(altera_avalon_jtag_uart_write.o)
 .debug_abbrev  0x000003ea       0xc0 ../niosControlNew_bsp/\libhal_bsp.a(alt_close.o)
 .debug_abbrev  0x000004aa       0x3f ../niosControlNew_bsp/\libhal_bsp.a(alt_dcache_flush_all.o)
 .debug_abbrev  0x000004e9       0x5e ../niosControlNew_bsp/\libhal_bsp.a(alt_errno.o)
 .debug_abbrev  0x00000547       0x3f ../niosControlNew_bsp/\libhal_bsp.a(alt_icache_flush_all.o)
 .debug_abbrev  0x00000586       0x3f ../niosControlNew_bsp/\libhal_bsp.a(altera_nios2_irq.o)
 .debug_abbrev  0x000005c5      0x16e c:/altera/11.0sp1/nios2eds/bin/gnu/h-i686-mingw32/bin/../lib/gcc/nios2-elf/4.1.2/../../../../nios2-elf/lib/mno-hw-mul\libc.a(lib_a-exit.o)
 .debug_abbrev  0x00000733      0x157 c:/altera/11.0sp1/nios2eds/bin/gnu/h-i686-mingw32/bin/../lib/gcc/nios2-elf/4.1.2/../../../../nios2-elf/lib/mno-hw-mul\libc.a(lib_a-impure.o)
 .debug_abbrev  0x0000088a       0x3b c:/altera/11.0sp1/nios2eds/bin/gnu/h-i686-mingw32/bin/../lib/gcc/nios2-elf/4.1.2/../../../../nios2-elf/lib/mno-hw-mul\libc.a(lib_a-int_errno.o)
 .debug_abbrev  0x000008c5       0x8b c:/altera/11.0sp1/nios2eds/bin/gnu/h-i686-mingw32/bin/../lib/gcc/nios2-elf/4.1.2/../../../../nios2-elf/lib/mno-hw-mul\libc.a(lib_a-strlen.o)
 .debug_abbrev  0x00000950      0x1de c:/altera/11.0sp1/nios2eds/bin/gnu/h-i686-mingw32/bin/../lib/gcc/nios2-elf/4.1.2/../../../../nios2-elf/lib/mno-hw-mul\libc.a(lib_a-__call_atexit.o)
 .debug_abbrev  0x00000b2e       0x9f ../niosControlNew_bsp/\libhal_bsp.a(alt_exit.o)

.debug_line     0x00000000     0x24b5
 *(.debug_line)
 .debug_line    0x00000000       0x66 ../niosControlNew_bsp//obj/HAL/src/crt0.o
 .debug_line    0x00000066       0xdf obj/hello_world_small.o
 .debug_line    0x00000145      0x217 ../niosControlNew_bsp/\libhal_bsp.a(alt_load.o)
 .debug_line    0x0000035c      0x2c2 ../niosControlNew_bsp/\libhal_bsp.a(alt_main.o)
 .debug_line    0x0000061e      0x1d9 ../niosControlNew_bsp/\libhal_bsp.a(alt_putstr.o)
 .debug_line    0x000007f7      0x29f ../niosControlNew_bsp/\libhal_bsp.a(alt_sys_init.o)
 .debug_line    0x00000a96      0x2f4 ../niosControlNew_bsp/\libhal_bsp.a(altera_avalon_jtag_uart_write.o)
 .debug_line    0x00000d8a      0x24b ../niosControlNew_bsp/\libhal_bsp.a(alt_close.o)
 .debug_line    0x00000fd5      0x1b5 ../niosControlNew_bsp/\libhal_bsp.a(alt_dcache_flush_all.o)
 .debug_line    0x0000118a      0x1aa ../niosControlNew_bsp/\libhal_bsp.a(alt_errno.o)
 .debug_line    0x00001334      0x1b5 ../niosControlNew_bsp/\libhal_bsp.a(alt_icache_flush_all.o)
 .debug_line    0x000014e9      0x1c9 ../niosControlNew_bsp/\libhal_bsp.a(altera_nios2_irq.o)
 .debug_line    0x000016b2      0x23b c:/altera/11.0sp1/nios2eds/bin/gnu/h-i686-mingw32/bin/../lib/gcc/nios2-elf/4.1.2/../../../../nios2-elf/lib/mno-hw-mul\libc.a(lib_a-exit.o)
 .debug_line    0x000018ed      0x230 c:/altera/11.0sp1/nios2eds/bin/gnu/h-i686-mingw32/bin/../lib/gcc/nios2-elf/4.1.2/../../../../nios2-elf/lib/mno-hw-mul\libc.a(lib_a-impure.o)
 .debug_line    0x00001b1d      0x1e2 c:/altera/11.0sp1/nios2eds/bin/gnu/h-i686-mingw32/bin/../lib/gcc/nios2-elf/4.1.2/../../../../nios2-elf/lib/mno-hw-mul\libc.a(lib_a-int_errno.o)
 .debug_line    0x00001cff      0x270 c:/altera/11.0sp1/nios2eds/bin/gnu/h-i686-mingw32/bin/../lib/gcc/nios2-elf/4.1.2/../../../../nios2-elf/lib/mno-hw-mul\libc.a(lib_a-strlen.o)
 .debug_line    0x00001f6f      0x36a c:/altera/11.0sp1/nios2eds/bin/gnu/h-i686-mingw32/bin/../lib/gcc/nios2-elf/4.1.2/../../../../nios2-elf/lib/mno-hw-mul\libc.a(lib_a-__call_atexit.o)
 .debug_line    0x000022d9      0x1dc ../niosControlNew_bsp/\libhal_bsp.a(alt_exit.o)

.debug_frame    0x00000000      0x244
 *(.debug_frame)
 .debug_frame   0x00000000       0x28 obj/hello_world_small.o
 .debug_frame   0x00000028       0x38 ../niosControlNew_bsp/\libhal_bsp.a(alt_load.o)
 .debug_frame   0x00000060       0x28 ../niosControlNew_bsp/\libhal_bsp.a(alt_main.o)
 .debug_frame   0x00000088       0x28 ../niosControlNew_bsp/\libhal_bsp.a(alt_putstr.o)
 .debug_frame   0x000000b0       0x38 ../niosControlNew_bsp/\libhal_bsp.a(alt_sys_init.o)
 .debug_frame   0x000000e8       0x20 ../niosControlNew_bsp/\libhal_bsp.a(altera_avalon_jtag_uart_write.o)
 .debug_frame   0x00000108       0x28 ../niosControlNew_bsp/\libhal_bsp.a(alt_close.o)
 .debug_frame   0x00000130       0x20 ../niosControlNew_bsp/\libhal_bsp.a(alt_dcache_flush_all.o)
 .debug_frame   0x00000150       0x20 ../niosControlNew_bsp/\libhal_bsp.a(alt_icache_flush_all.o)
 .debug_frame   0x00000170       0x20 ../niosControlNew_bsp/\libhal_bsp.a(altera_nios2_irq.o)
 .debug_frame   0x00000190       0x28 c:/altera/11.0sp1/nios2eds/bin/gnu/h-i686-mingw32/bin/../lib/gcc/nios2-elf/4.1.2/../../../../nios2-elf/lib/mno-hw-mul\libc.a(lib_a-exit.o)
 .debug_frame   0x000001b8       0x20 c:/altera/11.0sp1/nios2eds/bin/gnu/h-i686-mingw32/bin/../lib/gcc/nios2-elf/4.1.2/../../../../nios2-elf/lib/mno-hw-mul\libc.a(lib_a-strlen.o)
 .debug_frame   0x000001d8       0x4c c:/altera/11.0sp1/nios2eds/bin/gnu/h-i686-mingw32/bin/../lib/gcc/nios2-elf/4.1.2/../../../../nios2-elf/lib/mno-hw-mul\libc.a(lib_a-__call_atexit.o)
 .debug_frame   0x00000224       0x20 ../niosControlNew_bsp/\libhal_bsp.a(alt_exit.o)

.debug_str      0x00000000      0xbb5
 *(.debug_str)
 .debug_str     0x00000000       0x6d obj/hello_world_small.o
                                 0x72 (size before relaxing)
 .debug_str     0x0000006d      0x192 ../niosControlNew_bsp/\libhal_bsp.a(alt_load.o)
                                0x1d7 (size before relaxing)
 .debug_str     0x000001ff       0x70 ../niosControlNew_bsp/\libhal_bsp.a(alt_main.o)
                                0x162 (size before relaxing)
 .debug_str     0x0000026f       0x4c ../niosControlNew_bsp/\libhal_bsp.a(alt_putstr.o)
                                0x132 (size before relaxing)
 .debug_str     0x000002bb       0xb8 ../niosControlNew_bsp/\libhal_bsp.a(alt_sys_init.o)
                                0x208 (size before relaxing)
 .debug_str     0x00000373       0x4a ../niosControlNew_bsp/\libhal_bsp.a(altera_avalon_jtag_uart_write.o)
                                0x1d3 (size before relaxing)
 .debug_str     0x000003bd       0x33 ../niosControlNew_bsp/\libhal_bsp.a(alt_close.o)
                                0x156 (size before relaxing)
 .debug_str     0x000003f0       0x34 ../niosControlNew_bsp/\libhal_bsp.a(alt_dcache_flush_all.o)
                                0x11a (size before relaxing)
 .debug_str     0x00000424       0x14 ../niosControlNew_bsp/\libhal_bsp.a(alt_errno.o)
                                0x10a (size before relaxing)
 .debug_str     0x00000438       0x34 ../niosControlNew_bsp/\libhal_bsp.a(alt_icache_flush_all.o)
                                0x11a (size before relaxing)
 .debug_str     0x0000046c       0x31 ../niosControlNew_bsp/\libhal_bsp.a(altera_nios2_irq.o)
                                0x117 (size before relaxing)
 .debug_str     0x0000049d      0x45b c:/altera/11.0sp1/nios2eds/bin/gnu/h-i686-mingw32/bin/../lib/gcc/nios2-elf/4.1.2/../../../../nios2-elf/lib/mno-hw-mul\libc.a(lib_a-exit.o)
                                0x51a (size before relaxing)
 .debug_str     0x000008f8       0xdf c:/altera/11.0sp1/nios2eds/bin/gnu/h-i686-mingw32/bin/../lib/gcc/nios2-elf/4.1.2/../../../../nios2-elf/lib/mno-hw-mul\libc.a(lib_a-impure.o)
                                0x528 (size before relaxing)
 .debug_str     0x000009d7       0x40 c:/altera/11.0sp1/nios2eds/bin/gnu/h-i686-mingw32/bin/../lib/gcc/nios2-elf/4.1.2/../../../../nios2-elf/lib/mno-hw-mul\libc.a(lib_a-int_errno.o)
                                0x171 (size before relaxing)
 .debug_str     0x00000a17       0xf0 c:/altera/11.0sp1/nios2eds/bin/gnu/h-i686-mingw32/bin/../lib/gcc/nios2-elf/4.1.2/../../../../nios2-elf/lib/mno-hw-mul\libc.a(lib_a-strlen.o)
                                0x18b (size before relaxing)
 .debug_str     0x00000b07       0x7e c:/altera/11.0sp1/nios2eds/bin/gnu/h-i686-mingw32/bin/../lib/gcc/nios2-elf/4.1.2/../../../../nios2-elf/lib/mno-hw-mul\libc.a(lib_a-__call_atexit.o)
                                0x55c (size before relaxing)
 .debug_str     0x00000b85       0x30 ../niosControlNew_bsp/\libhal_bsp.a(alt_exit.o)
                                0x116 (size before relaxing)

.debug_loc      0x00000000      0x37e
 *(.debug_loc)
 .debug_loc     0x00000000       0x1f obj/hello_world_small.o
 .debug_loc     0x0000001f       0x1f ../niosControlNew_bsp/\libhal_bsp.a(alt_load.o)
 .debug_loc     0x0000003e       0x1f ../niosControlNew_bsp/\libhal_bsp.a(alt_main.o)
 .debug_loc     0x0000005d       0x48 ../niosControlNew_bsp/\libhal_bsp.a(alt_putstr.o)
 .debug_loc     0x000000a5       0x32 ../niosControlNew_bsp/\libhal_bsp.a(alt_sys_init.o)
 .debug_loc     0x000000d7       0x26 ../niosControlNew_bsp/\libhal_bsp.a(altera_avalon_jtag_uart_write.o)
 .debug_loc     0x000000fd       0x3d ../niosControlNew_bsp/\libhal_bsp.a(alt_close.o)
 .debug_loc     0x0000013a       0x3d c:/altera/11.0sp1/nios2eds/bin/gnu/h-i686-mingw32/bin/../lib/gcc/nios2-elf/4.1.2/../../../../nios2-elf/lib/mno-hw-mul\libc.a(lib_a-exit.o)
 .debug_loc     0x00000177       0x3c c:/altera/11.0sp1/nios2eds/bin/gnu/h-i686-mingw32/bin/../lib/gcc/nios2-elf/4.1.2/../../../../nios2-elf/lib/mno-hw-mul\libc.a(lib_a-strlen.o)
 .debug_loc     0x000001b3      0x1cb c:/altera/11.0sp1/nios2eds/bin/gnu/h-i686-mingw32/bin/../lib/gcc/nios2-elf/4.1.2/../../../../nios2-elf/lib/mno-hw-mul\libc.a(lib_a-__call_atexit.o)

.debug_macinfo
 *(.debug_macinfo)

.debug_weaknames
 *(.debug_weaknames)

.debug_funcnames
 *(.debug_funcnames)

.debug_typenames
 *(.debug_typenames)

.debug_varnames
 *(.debug_varnames)

.debug_alt_sim_info
                0x00000000       0x10
 *(.debug_alt_sim_info)
 .debug_alt_sim_info
                0x00000000       0x10 ../niosControlNew_bsp//obj/HAL/src/crt0.o
                0x01000000                __alt_data_end = 0x1000000
                0x01000000                PROVIDE (__alt_stack_pointer, __alt_data_end)
                0x00800cc0                PROVIDE (__alt_stack_limit, __alt_stack_base)
                0x00800cc0                PROVIDE (__alt_heap_start, end)
                0x01000000                PROVIDE (__alt_heap_limit, 0x1000000)
OUTPUT(niosControlNew.elf elf32-littlenios2)

.debug_ranges   0x00000000       0x38
 .debug_ranges  0x00000000       0x20 ../niosControlNew_bsp//obj/HAL/src/crt0.o
 .debug_ranges  0x00000020       0x18 c:/altera/11.0sp1/nios2eds/bin/gnu/h-i686-mingw32/bin/../lib/gcc/nios2-elf/4.1.2/../../../../nios2-elf/lib/mno-hw-mul\libc.a(lib_a-__call_atexit.o)
